***** Format Files ******
copy file:/home/andrew/Packages/gemme/tests/BLAT_JET/BLAT/BLAT.pdb
***** End Format Files ******
***** JET analysis ******
Alignment file:/home/andrew/Packages/gemme/tests/BLAT_JET/BLAT/BLAT_A.fasta
Analysis of sequence: A
format ok
Selected 1000 sequences before filtering
Filtering sequences (Iteration 1):
  -Identity: Removed 0 seqs
  -Redundancy: Removed 129 seqs
  -Similar names: Removed 0 seqs
  -Gaps: Removed 0 seqs
  -Length: Removed 0 seqs
  -EValue: Removed 0 seqs
  -CPU Load: Removed 0 seqs
Selected 871 after filtering
Filtering sequences (Iteration 2):
  -Identity: Removed 1 seqs
  -Redundancy: Removed 0 seqs
  -Similar names: Removed 0 seqs
  -Gaps: Removed 0 seqs
  -Length: Removed 0 seqs
  -EValue: Removed 0 seqs
  -CPU Load: Removed 0 seqs
Selected 870 after filtering
Nb alignments:29 Nb sequences:29
Final iterated blast partition:327 540 1 2
proportion=0.5
selected partition: 15 13 0 1
**********write**********
Command: /home/andrew/Packages/gemme/pyGEMME/tools/muscle -in /home/andrew/Packages/gemme/tests/BLAT_JET/BLAT/BLAT_0.fasta -clw -out /home/andrew/Packages/gemme/tests/BLAT_JET/BLAT/BLAT_0.aln
Exit value: 0
**********write**********
Command: /home/andrew/Packages/gemme/pyGEMME/tools/muscle -in /home/andrew/Packages/gemme/tests/BLAT_JET/BLAT/BLAT_1.fasta -clw -out /home/andrew/Packages/gemme/tests/BLAT_JET/BLAT/BLAT_1.aln
Exit value: 0
**********write**********
Command: /home/andrew/Packages/gemme/pyGEMME/tools/muscle -in /home/andrew/Packages/gemme/tests/BLAT_JET/BLAT/BLAT_2.fasta -clw -out /home/andrew/Packages/gemme/tests/BLAT_JET/BLAT/BLAT_2.aln
Exit value: 0
**********write**********
Command: /home/andrew/Packages/gemme/pyGEMME/tools/muscle -in /home/andrew/Packages/gemme/tests/BLAT_JET/BLAT/BLAT_3.fasta -clw -out /home/andrew/Packages/gemme/tests/BLAT_JET/BLAT/BLAT_3.aln
Exit value: 0
**********write**********
Command: /home/andrew/Packages/gemme/pyGEMME/tools/muscle -in /home/andrew/Packages/gemme/tests/BLAT_JET/BLAT/BLAT_4.fasta -clw -out /home/andrew/Packages/gemme/tests/BLAT_JET/BLAT/BLAT_4.aln
Exit value: 0
**********write**********
Command: /home/andrew/Packages/gemme/pyGEMME/tools/muscle -in /home/andrew/Packages/gemme/tests/BLAT_JET/BLAT/BLAT_5.fasta -clw -out /home/andrew/Packages/gemme/tests/BLAT_JET/BLAT/BLAT_5.aln
Exit value: 0
**********write**********
Command: /home/andrew/Packages/gemme/pyGEMME/tools/muscle -in /home/andrew/Packages/gemme/tests/BLAT_JET/BLAT/BLAT_6.fasta -clw -out /home/andrew/Packages/gemme/tests/BLAT_JET/BLAT/BLAT_6.aln
Exit value: 0
**********write**********
Command: /home/andrew/Packages/gemme/pyGEMME/tools/muscle -in /home/andrew/Packages/gemme/tests/BLAT_JET/BLAT/BLAT_7.fasta -clw -out /home/andrew/Packages/gemme/tests/BLAT_JET/BLAT/BLAT_7.aln
Exit value: 0
**********write**********
Command: /home/andrew/Packages/gemme/pyGEMME/tools/muscle -in /home/andrew/Packages/gemme/tests/BLAT_JET/BLAT/BLAT_8.fasta -clw -out /home/andrew/Packages/gemme/tests/BLAT_JET/BLAT/BLAT_8.aln
Exit value: 0
**********write**********
Command: /home/andrew/Packages/gemme/pyGEMME/tools/muscle -in /home/andrew/Packages/gemme/tests/BLAT_JET/BLAT/BLAT_9.fasta -clw -out /home/andrew/Packages/gemme/tests/BLAT_JET/BLAT/BLAT_9.aln
Exit value: 0
**********write**********
Command: /home/andrew/Packages/gemme/pyGEMME/tools/muscle -in /home/andrew/Packages/gemme/tests/BLAT_JET/BLAT/BLAT_10.fasta -clw -out /home/andrew/Packages/gemme/tests/BLAT_JET/BLAT/BLAT_10.aln
Exit value: 0
**********write**********
Command: /home/andrew/Packages/gemme/pyGEMME/tools/muscle -in /home/andrew/Packages/gemme/tests/BLAT_JET/BLAT/BLAT_11.fasta -clw -out /home/andrew/Packages/gemme/tests/BLAT_JET/BLAT/BLAT_11.aln
Exit value: 0
**********write**********
Command: /home/andrew/Packages/gemme/pyGEMME/tools/muscle -in /home/andrew/Packages/gemme/tests/BLAT_JET/BLAT/BLAT_12.fasta -clw -out /home/andrew/Packages/gemme/tests/BLAT_JET/BLAT/BLAT_12.aln
Exit value: 0
**********write**********
Command: /home/andrew/Packages/gemme/pyGEMME/tools/muscle -in /home/andrew/Packages/gemme/tests/BLAT_JET/BLAT/BLAT_13.fasta -clw -out /home/andrew/Packages/gemme/tests/BLAT_JET/BLAT/BLAT_13.aln
Exit value: 0
**********write**********
Command: /home/andrew/Packages/gemme/pyGEMME/tools/muscle -in /home/andrew/Packages/gemme/tests/BLAT_JET/BLAT/BLAT_14.fasta -clw -out /home/andrew/Packages/gemme/tests/BLAT_JET/BLAT/BLAT_14.aln
Exit value: 0
**********write**********
Command: /home/andrew/Packages/gemme/pyGEMME/tools/muscle -in /home/andrew/Packages/gemme/tests/BLAT_JET/BLAT/BLAT_15.fasta -clw -out /home/andrew/Packages/gemme/tests/BLAT_JET/BLAT/BLAT_15.aln
Exit value: 0
**********write**********
Command: /home/andrew/Packages/gemme/pyGEMME/tools/muscle -in /home/andrew/Packages/gemme/tests/BLAT_JET/BLAT/BLAT_16.fasta -clw -out /home/andrew/Packages/gemme/tests/BLAT_JET/BLAT/BLAT_16.aln
Exit value: 0
**********write**********
Command: /home/andrew/Packages/gemme/pyGEMME/tools/muscle -in /home/andrew/Packages/gemme/tests/BLAT_JET/BLAT/BLAT_17.fasta -clw -out /home/andrew/Packages/gemme/tests/BLAT_JET/BLAT/BLAT_17.aln
Exit value: 0
**********write**********
Command: /home/andrew/Packages/gemme/pyGEMME/tools/muscle -in /home/andrew/Packages/gemme/tests/BLAT_JET/BLAT/BLAT_18.fasta -clw -out /home/andrew/Packages/gemme/tests/BLAT_JET/BLAT/BLAT_18.aln
Exit value: 0
**********write**********
Command: /home/andrew/Packages/gemme/pyGEMME/tools/muscle -in /home/andrew/Packages/gemme/tests/BLAT_JET/BLAT/BLAT_19.fasta -clw -out /home/andrew/Packages/gemme/tests/BLAT_JET/BLAT/BLAT_19.aln
Exit value: 0
**********write**********
Command: /home/andrew/Packages/gemme/pyGEMME/tools/muscle -in /home/andrew/Packages/gemme/tests/BLAT_JET/BLAT/BLAT_20.fasta -clw -out /home/andrew/Packages/gemme/tests/BLAT_JET/BLAT/BLAT_20.aln
Exit value: 0
**********write**********
Command: /home/andrew/Packages/gemme/pyGEMME/tools/muscle -in /home/andrew/Packages/gemme/tests/BLAT_JET/BLAT/BLAT_21.fasta -clw -out /home/andrew/Packages/gemme/tests/BLAT_JET/BLAT/BLAT_21.aln
Exit value: 0
**********write**********
Command: /home/andrew/Packages/gemme/pyGEMME/tools/muscle -in /home/andrew/Packages/gemme/tests/BLAT_JET/BLAT/BLAT_22.fasta -clw -out /home/andrew/Packages/gemme/tests/BLAT_JET/BLAT/BLAT_22.aln
Exit value: 0
**********write**********
Command: /home/andrew/Packages/gemme/pyGEMME/tools/muscle -in /home/andrew/Packages/gemme/tests/BLAT_JET/BLAT/BLAT_23.fasta -clw -out /home/andrew/Packages/gemme/tests/BLAT_JET/BLAT/BLAT_23.aln
Exit value: 0
**********write**********
Command: /home/andrew/Packages/gemme/pyGEMME/tools/muscle -in /home/andrew/Packages/gemme/tests/BLAT_JET/BLAT/BLAT_24.fasta -clw -out /home/andrew/Packages/gemme/tests/BLAT_JET/BLAT/BLAT_24.aln
Exit value: 0
**********write**********
Command: /home/andrew/Packages/gemme/pyGEMME/tools/muscle -in /home/andrew/Packages/gemme/tests/BLAT_JET/BLAT/BLAT_25.fasta -clw -out /home/andrew/Packages/gemme/tests/BLAT_JET/BLAT/BLAT_25.aln
Exit value: 0
**********write**********
Command: /home/andrew/Packages/gemme/pyGEMME/tools/muscle -in /home/andrew/Packages/gemme/tests/BLAT_JET/BLAT/BLAT_26.fasta -clw -out /home/andrew/Packages/gemme/tests/BLAT_JET/BLAT/BLAT_26.aln
Exit value: 0
**********write**********
Command: /home/andrew/Packages/gemme/pyGEMME/tools/muscle -in /home/andrew/Packages/gemme/tests/BLAT_JET/BLAT/BLAT_27.fasta -clw -out /home/andrew/Packages/gemme/tests/BLAT_JET/BLAT/BLAT_27.aln
Exit value: 0
**********write**********
Command: /home/andrew/Packages/gemme/pyGEMME/tools/muscle -in /home/andrew/Packages/gemme/tests/BLAT_JET/BLAT/BLAT_28.fasta -clw -out /home/andrew/Packages/gemme/tests/BLAT_JET/BLAT/BLAT_28.aln
Exit value: 0


***** End JET analysis ******
